LIBSTONE_1.2 {
	global:
		st_changer_free;
		st_changer_free2;
		st_changer_status_to_string;
		st_changer_string_to_status;

		st_checksum_compute;
		st_checksum_convert_to_hex;
		st_checksum_gen_salt;
		st_checksum_get_driver;
		st_checksum_register_driver;
		st_checksum_salt_password;

		st_database_get_default_driver;
		st_database_get_driver;
		st_database_load_config;
		st_database_register_driver;

		st_debug_log_stack;

		st_drive_free;
		st_drive_free2;
		st_drive_status_to_string;
		st_drive_string_to_status;
		st_drive_sync;

		st_file_basic_scandir_filter;
		st_file_check_link;
		st_file_convert_mode;
		st_file_convert_size_to_string;
		st_file_cp;
		st_file_mkdir;
		st_file_mv;
		st_file_rename;
		st_file_read_all_from;
		st_file_rm;

		st_host_init;
		st_host_get_info;

		st_json_encode_to_fd;
		st_json_encode_to_file;
		st_json_encode_to_string;
		st_json_parse_fd;
		st_json_parse_file;
		st_json_parse_string;

		st_log_configure;
		st_log_level_to_string;
		st_log_stop_logger;
		st_log_string_to_level;
		st_log_string_to_type;
		st_log_type_to_string;
		st_log_write;

		st_media_format_data_to_string;
		st_media_format_free;
		st_media_format_mode_to_string;
		st_media_free;
		st_media_location_to_string;
		st_media_status_to_string;
		st_media_string_to_format_data;
		st_media_string_to_format_mode;
		st_media_string_to_location;
		st_media_string_to_status;
		st_media_string_to_type;
		st_media_type_to_string;

		st_poll;
		st_poll_nb_handlers;
		st_poll_register;
		st_poll_unregister;

		st_pool_autocheck_mode_to_string;
		st_pool_free;
		st_pool_string_to_autocheck_mode;
		st_pool_string_to_unbreakable_level;
		st_pool_unbreakable_level_to_string;

		st_process_close;
		st_process_drop_environment;
		st_process_free;
		st_process_new;
		st_process_pipe;
		st_process_pipe_from;
		st_process_pipe_to;
		st_process_put_environment;
		st_process_redir_err_to_out;
		st_process_redir_out_to_err;
		st_process_set_environment;
		st_process_set_fd;
		st_process_set_nice;
		st_process_start;
		st_process_wait;

		st_slot_free;
		st_slot_free2;
		st_slot_type_to_string;
		st_slot_string_to_type;

		st_socket;
		st_socket_server;

		st_string_check_valid_utf8;
		st_string_compute_hash;
		st_string_compute_hash2;
		st_string_convert_unicode_to_utf8;
		st_string_delete_double_char;
		st_string_middle_elipsis;
		st_string_rtrim;
		st_string_trim;
		st_string_unicode_length;

		st_time_cmp;
		st_time_convert;
		st_time_diff;
		st_time_fix;

		st_thread_pool_run;
		st_thread_pool_run2;

		st_value_boolean_get;
		st_value_can_convert;
		st_value_convert;
		st_value_copy;
		st_value_custom_compute_hash;
		st_value_custom_get;
		st_value_equals;
		st_value_float_get;
		st_value_free;
		st_value_get;
		st_value_hashtable_clear;
		st_value_hashtable_get;
		st_value_hashtable_get2;
		st_value_hashtable_get_iterator;
		st_value_hashtable_has_key;
		st_value_hashtable_keys;
		st_value_hashtable_put;
		st_value_hashtable_put2;
		st_value_hashtable_remove;
		st_value_hashtable_remove2;
		st_value_hashtable_values;
		st_value_integer_get;
		st_value_iterator_free;
		st_value_iterator_get_key;
		st_value_iterator_get_value;
		st_value_iterator_has_next;
		st_value_list_clear;
		st_value_list_get;
		st_value_list_get_iterator;
		st_value_list_get_length;
		st_value_list_index_of;
		st_value_list_pop;
		st_value_list_push;
		st_value_list_shift;
		st_value_list_slice;
		st_value_list_slice2;
		st_value_list_splice;
		st_value_list_unshift;
		st_value_new_array;
		st_value_new_boolean;
		st_value_new_custom;
		st_value_new_float;
		st_value_new_hashtable;
		st_value_new_hashtable2;
		st_value_new_integer;
		st_value_new_linked_list;
		st_value_new_null;
		st_value_new_string;
		st_value_pack;
		st_value_share;
		st_value_string_get;
		st_value_unpack;
		st_value_valid;
		st_value_vpack;
		st_value_vunpack;
		st_value_vvalid;

	local:
		st_loader_*;
		*_v1;
};
