LIBSTONE_1.0 {
	global:
		st_file_basic_scandir_filter;
		st_file_convert_mode;
		st_file_convert_size_to_string;
		st_file_cp;
		st_file_mkdir;
		st_file_mv;
		st_file_rm;

		st_json_encode_to_fd;
		st_json_encode_to_file;
		st_json_encode_to_string;
		st_json_parse_fd;
		st_json_parse_file;
		st_json_parse_string;

		st_log_level_to_string;
		st_log_string_to_level;
		st_log_string_to_type;
		st_log_type_to_string;

		st_poll;
		st_poll_register;
		st_poll_unregister;

		st_process_close;
		st_process_drop_environment;
		st_process_free;
		st_process_new;
		st_process_pipe;
		st_process_pipe_from;
		st_process_pipe_to;
		st_process_put_environment;
		st_process_redir_err_to_out;
		st_process_redir_out_to_err;
		st_process_set_environment;
		st_process_set_fd;
		st_process_set_nice;
		st_process_start;
		st_process_wait;

		st_string_check_valid_utf8;
		st_string_compute_hash;
		st_string_convert_unicode_to_utf8;
		st_string_delete_double_char;
		st_string_middle_elipsis;
		st_string_rtrim;
		st_string_trim;
		st_string_unicode_length;

		st_thread_pool_run;
		st_thread_pool_run2;

		st_value_can_convert;
		st_value_convert;
		st_value_copy;
		st_value_equals;
		st_value_free;
		st_value_hashtable_clear;
		st_value_hashtable_get;
		st_value_hashtable_get2;
		st_value_hashtable_get_iterator;
		st_value_hashtable_has_key;
		st_value_hashtable_keys;
		st_value_hashtable_put;
		st_value_hashtable_remove;
		st_value_hashtable_values;
		st_value_iterator_free;
		st_value_iterator_get_key;
		st_value_iterator_get_value;
		st_value_iterator_has_next;
		st_value_list_clear;
		st_value_list_get_iterator;
		st_value_list_pop;
		st_value_list_push;
		st_value_list_shift;
		st_value_list_unshift;
		st_value_new_array;
		st_value_new_boolean;
		st_value_new_custom;
		st_value_new_float;
		st_value_new_hashtable;
		st_value_new_integer;
		st_value_new_linked_list;
		st_value_new_null;
		st_value_new_string;
		st_value_share;

	local:
		*_v1;
};
